log started: Mon Jun  8 06:49:55 2026

Log file: ./leap.log
>> #
>> # ----- leaprc for loading the ff19SB force field
>> # ----- NOTE: this is designed for PDB format 3!
>> #
>> #	load atom type hybridizations
>> #
>> addAtomTypes {
>> 	{ "H"   "H" "sp3" }
>> 	{ "HO"  "H" "sp3" }
>> 	{ "HS"  "H" "sp3" }
>> 	{ "H1"  "H" "sp3" }
>> 	{ "H2"  "H" "sp3" }
>> 	{ "H3"  "H" "sp3" }
>> 	{ "H4"  "H" "sp3" }
>> 	{ "H5"  "H" "sp3" }
>> 	{ "HW"  "H" "sp3" }
>> 	{ "HC"  "H" "sp3" }
>> 	{ "HA"  "H" "sp3" }
>> 	{ "HP"  "H" "sp3" }
>> 	{ "HZ"  "H" "sp3" }
>> 	{ "OH"  "O" "sp3" }
>> 	{ "OS"  "O" "sp3" }
>> 	{ "O"   "O" "sp2" }
>> 	{ "O2"  "O" "sp2" }
>> 	{ "OP"  "O" "sp2" }
>> 	{ "OW"  "O" "sp3" }
>> 	{ "CT"  "C" "sp3" }
>> 	{ "CX"  "C" "sp3" }
>> 	{ "XC"  "C" "sp3" }
>> 	{ "C8"  "C" "sp3" }
>> 	{ "2C"  "C" "sp3" }
>> 	{ "3C"  "C" "sp3" }
>> 	{ "CH"  "C" "sp3" }
>> 	{ "CS"  "C" "sp2" }
>> 	{ "C"   "C" "sp2" }
>> 	{ "CO"   "C" "sp2" }
>> 	{ "C*"  "C" "sp2" }
>> 	{ "CA"  "C" "sp2" }
>> 	{ "CB"  "C" "sp2" }
>> 	{ "CC"  "C" "sp2" }
>> 	{ "CN"  "C" "sp2" }
>> 	{ "CM"  "C" "sp2" }
>> 	{ "CK"  "C" "sp2" }
>> 	{ "CQ"  "C" "sp2" }
>> 	{ "CD"  "C" "sp2" }
>> 	{ "C5"  "C" "sp2" }
>> 	{ "C4"  "C" "sp2" }
>> 	{ "CP"  "C" "sp2" }
>> 	{ "CI"  "C" "sp3" }
>> 	{ "CJ"  "C" "sp2" }
>> 	{ "CW"  "C" "sp2" }
>> 	{ "CV"  "C" "sp2" }
>> 	{ "CR"  "C" "sp2" }
>> 	{ "CA"  "C" "sp2" }
>> 	{ "CY"  "C" "sp2" }
>> 	{ "C0"  "Ca" "sp3" }
>> 	{ "MG"  "Mg" "sp3" }
>> 	{ "N"   "N" "sp2" }
>> 	{ "NA"  "N" "sp2" }
>> 	{ "N2"  "N" "sp2" }
>> 	{ "N*"  "N" "sp2" }
>> 	{ "NP"  "N" "sp2" }
>> 	{ "NQ"  "N" "sp2" }
>> 	{ "NB"  "N" "sp2" }
>> 	{ "NC"  "N" "sp2" }
>> 	{ "NT"  "N" "sp3" }
>> 	{ "NY"  "N" "sp2" }
>> 	{ "N3"  "N" "sp3" }
>> 	{ "S"   "S" "sp3" }
>> 	{ "SH"  "S" "sp3" }
>> 	{ "P"   "P" "sp3" }
>> 	{ "LP"  ""  "sp3" }
>> 	{ "EP"  ""  "sp3" }
>> 	{ "F"   "F" "sp3" }
>> 	{ "Cl"  "Cl" "sp3" }
>> 	{ "Br"  "Br" "sp3" }
>> 	{ "I"   "I"  "sp3" }
>> }
>> #
>> #	Load the main parameter set.
>> #
>> set default cmap on
>> parm19 = loadamberparams parm19.dat
Loading parameters: /home/victor/miniforge3/envs/robo_cuda13.0/dat/leap/parm/parm19.dat
Reading title:
PARM99 + frcmod.ff99SB + frcmod.parmbsc0 + OL3 for RNA + ff19SB
(UNKNOWN ATOM TYPE: Zn)
(UNKNOWN ATOM TYPE: EP)
>> frcmod19SB = loadamberparams frcmod.ff19SB
Loading parameters: /home/victor/miniforge3/envs/robo_cuda13.0/dat/leap/parm/frcmod.ff19SB
Reading force field modification type file (frcmod)
Reading title:
ff19SB AA-specific backbone CMAPs for protein 07/25/2019
>> #
>> #	Load main chain and terminating amino acid libraries
>> #
>> loadOff amino19.lib
Loading library: /home/victor/miniforge3/envs/robo_cuda13.0/dat/leap/lib/amino19.lib
Loading: ALA
Loading: ARG
Loading: ASH
Loading: ASN
Loading: ASP
Loading: CYM
Loading: CYS
Loading: CYX
Loading: GLH
Loading: GLN
Loading: GLU
Loading: GLY
Loading: HID
Loading: HIE
Loading: HIP
Loading: HYP
Loading: ILE
Loading: LEU
Loading: LYN
Loading: LYS
Loading: MET
Loading: PHE
Loading: PRO
Loading: SER
Loading: THR
Loading: TRP
Loading: TYR
Loading: VAL
>> loadOff aminoct12.lib
Loading library: /home/victor/miniforge3/envs/robo_cuda13.0/dat/leap/lib/aminoct12.lib
Loading: CALA
Loading: CARG
Loading: CASN
Loading: CASP
Loading: CCYS
Loading: CCYX
Loading: CGLN
Loading: CGLU
Loading: CGLY
Loading: CHID
Loading: CHIE
Loading: CHIP
Loading: CHYP
Loading: CILE
Loading: CLEU
Loading: CLYS
Loading: CMET
Loading: CPHE
Loading: CPRO
Loading: CSER
Loading: CTHR
Loading: CTRP
Loading: CTYR
Loading: CVAL
Loading: NHE
Loading: NME
>> loadOff aminont12.lib
Loading library: /home/victor/miniforge3/envs/robo_cuda13.0/dat/leap/lib/aminont12.lib
Loading: ACE
Loading: NALA
Loading: NARG
Loading: NASN
Loading: NASP
Loading: NCYS
Loading: NCYX
Loading: NGLN
Loading: NGLU
Loading: NGLY
Loading: NHID
Loading: NHIE
Loading: NHIP
Loading: NILE
Loading: NLEU
Loading: NLYS
Loading: NMET
Loading: NPHE
Loading: NPRO
Loading: NSER
Loading: NTHR
Loading: NTRP
Loading: NTYR
Loading: NVAL
>> 
>> #
>> #	Define the PDB name map for the amino acids
>> #
>> addPdbResMap {
>>   { 0 "HYP" "NHYP" } { 1 "HYP" "CHYP" }
>>   { 0 "ALA" "NALA" } { 1 "ALA" "CALA" }
>>   { 0 "ARG" "NARG" } { 1 "ARG" "CARG" }
>>   { 0 "ASN" "NASN" } { 1 "ASN" "CASN" }
>>   { 0 "ASP" "NASP" } { 1 "ASP" "CASP" }
>>   { 0 "CYS" "NCYS" } { 1 "CYS" "CCYS" }
>>   { 0 "CYX" "NCYX" } { 1 "CYX" "CCYX" }
>>   { 0 "GLN" "NGLN" } { 1 "GLN" "CGLN" }
>>   { 0 "GLU" "NGLU" } { 1 "GLU" "CGLU" }
>>   { 0 "GLY" "NGLY" } { 1 "GLY" "CGLY" }
>>   { 0 "HID" "NHID" } { 1 "HID" "CHID" }
>>   { 0 "HIE" "NHIE" } { 1 "HIE" "CHIE" }
>>   { 0 "HIP" "NHIP" } { 1 "HIP" "CHIP" }
>>   { 0 "ILE" "NILE" } { 1 "ILE" "CILE" }
>>   { 0 "LEU" "NLEU" } { 1 "LEU" "CLEU" }
>>   { 0 "LYS" "NLYS" } { 1 "LYS" "CLYS" }
>>   { 0 "MET" "NMET" } { 1 "MET" "CMET" }
>>   { 0 "PHE" "NPHE" } { 1 "PHE" "CPHE" }
>>   { 0 "PRO" "NPRO" } { 1 "PRO" "CPRO" }
>>   { 0 "SER" "NSER" } { 1 "SER" "CSER" }
>>   { 0 "THR" "NTHR" } { 1 "THR" "CTHR" }
>>   { 0 "TRP" "NTRP" } { 1 "TRP" "CTRP" }
>>   { 0 "TYR" "NTYR" } { 1 "TYR" "CTYR" }
>>   { 0 "VAL" "NVAL" } { 1 "VAL" "CVAL" }
>>   { 0 "HIS" "NHIS" } { 1 "HIS" "CHIS" }
>> }
>> 
>> #
>> # assume that most often proteins use HIE
>> #
>> NHIS = NHIE
>> HIS = HIE
>> CHIS = CHIE
> 
> mol = 1XY2.amber.pdb
> mol = loadpb 1XY2.amber.pdb

Error: Error from the parser: 
       syntax error.
       Check for typos, misspellings, etc.
       Try help on the command name and desc on the command arguments.

> mol = loadpdb 1XY2.amber.pdb
Loading PDB file: ./1XY2.amber.pdb
Matching PDB residue names to LEaP variables.

Warning: Unknown residue: MPR   number: 0   type: Terminal/beginning
..relaxing end constraints to try for a dbase match

Warning:   -no luck

Warning: Unknown residue: NH2   number: 9   type: Terminal/last
..relaxing end constraints to try for a dbase match

Warning:   -no luck

Warning: Unknown residue: HOH   number: 10   type: Terminal/beginning
..relaxing end constraints to try for a dbase match

Warning:   -no luck

Warning: Unknown residue: HOH   number: 11   type: Nonterminal

Warning: Unknown residue: HOH   number: 12   type: Nonterminal

Warning: Unknown residue: HOH   number: 13   type: Nonterminal

Warning: Unknown residue: HOH   number: 14   type: Nonterminal

Warning: Unknown residue: HOH   number: 15   type: Nonterminal

Warning: Unknown residue: HOH   number: 16   type: Terminal/last
..relaxing end constraints to try for a dbase match

Warning:   -no luck
Creating new UNIT for residue: MPR sequence: 1
Created a new atom named: C1 within residue: .R<MPR 1>
Created a new atom named: O within residue: .R<MPR 1>
Created a new atom named: C2 within residue: .R<MPR 1>
Created a new atom named: C3 within residue: .R<MPR 1>
Created a new atom named: S3 within residue: .R<MPR 1>

Warning: One sided connection. Residue (default_name) missing connect1 atom.
Creating new UNIT for residue: NH2 sequence: 10

Warning: One sided connection. Residue () missing connect0 atom.
Created a new atom named: N within residue: .R<NH2 10>
Creating new UNIT for residue: HOH sequence: 11
Created a new atom named: O within residue: .R<HOH 11>
Creating new UNIT for residue: HOH sequence: 12
Starting new chain with 
Created a new atom named: O within residue: .R<HOH 12>
Creating new UNIT for residue: HOH sequence: 13
Starting new chain with 
Created a new atom named: O within residue: .R<HOH 13>
Creating new UNIT for residue: HOH sequence: 14
Starting new chain with 
Created a new atom named: O within residue: .R<HOH 14>
Creating new UNIT for residue: HOH sequence: 15
Starting new chain with 
Created a new atom named: O within residue: .R<HOH 15>
Creating new UNIT for residue: HOH sequence: 16
Starting new chain with 
Created a new atom named: O within residue: .R<HOH 16>
Creating new UNIT for residue: HOH sequence: 17
Starting new chain with 
Created a new atom named: O within residue: .R<HOH 17>
  total atoms in file: 75
  Leap added 60 missing atoms according to residue templates:
       60 H / lone pairs
  The file contained 13 atoms not in residue templates
> saveamberparm mol 1XY2.prmtop 1XY2.rst7
Checking Unit.
FATAL:  Atom .R<MPR 1>.A<C1 1> does not have a type.
FATAL:  Atom .R<MPR 1>.A<O 2> does not have a type.
FATAL:  Atom .R<MPR 1>.A<C2 3> does not have a type.
FATAL:  Atom .R<MPR 1>.A<C3 4> does not have a type.
FATAL:  Atom .R<MPR 1>.A<S3 5> does not have a type.
FATAL:  Atom .R<NH2 10>.A<N 1> does not have a type.
FATAL:  Atom .R<HOH 11>.A<O 1> does not have a type.
FATAL:  Atom .R<HOH 12>.A<O 1> does not have a type.
FATAL:  Atom .R<HOH 13>.A<O 1> does not have a type.
FATAL:  Atom .R<HOH 14>.A<O 1> does not have a type.
FATAL:  Atom .R<HOH 15>.A<O 1> does not have a type.
FATAL:  Atom .R<HOH 16>.A<O 1> does not have a type.
FATAL:  Atom .R<HOH 17>.A<O 1> does not have a type.

Error: Failed to generate parameters

Warning: Parameter file was not saved.
