Determining if the function sgemm_ exists failed with the following output:
Change Dir: /home/laurentiu/git6/Robosample/buildpy/CMakeFiles/CMakeTmp

Run Build Command(s):/home/laurentiu/miniconda3/envs/nn/bin/ninja cmTC_70fa8 && [1/2] Building C object CMakeFiles/cmTC_70fa8.dir/CheckFunctionExists.c.o
[2/2] Linking C executable cmTC_70fa8
FAILED: cmTC_70fa8 
: && /usr/bin/clang -DCHECK_FUNCTION_EXISTS=sgemm_  CMakeFiles/cmTC_70fa8.dir/CheckFunctionExists.c.o -o cmTC_70fa8   && :
/usr/bin/ld: CMakeFiles/cmTC_70fa8.dir/CheckFunctionExists.c.o: in function `main':
CheckFunctionExists.c:(.text+0x17): undefined reference to `sgemm_'
clang: error: linker command failed with exit code 1 (use -v to see invocation)
ninja: build stopped: subcommand failed.



Determining if the function cheev_ exists failed with the following output:
Change Dir: /home/laurentiu/git6/Robosample/buildpy/CMakeFiles/CMakeTmp

Run Build Command(s):/home/laurentiu/miniconda3/envs/nn/bin/ninja cmTC_504ea && [1/2] Building C object CMakeFiles/cmTC_504ea.dir/CheckFunctionExists.c.o
[2/2] Linking C executable cmTC_504ea
FAILED: cmTC_504ea 
: && /usr/bin/clang -DCHECK_FUNCTION_EXISTS=cheev_  CMakeFiles/cmTC_504ea.dir/CheckFunctionExists.c.o -o cmTC_504ea  /usr/lib/x86_64-linux-gnu/libblas.so  -lm  -ldl && :
/usr/bin/ld: CMakeFiles/cmTC_504ea.dir/CheckFunctionExists.c.o: in function `main':
CheckFunctionExists.c:(.text+0x17): undefined reference to `cheev_'
clang: error: linker command failed with exit code 1 (use -v to see invocation)
ninja: build stopped: subcommand failed.



Determining if the function cheev_ exists failed with the following output:
Change Dir: /home/laurentiu/git6/Robosample/buildpy/CMakeFiles/CMakeTmp

Run Build Command(s):/home/laurentiu/miniconda3/envs/nn/bin/ninja cmTC_2dca2 && [1/2] Building C object CMakeFiles/cmTC_2dca2.dir/CheckFunctionExists.c.o
[2/2] Linking C executable cmTC_2dca2
FAILED: cmTC_2dca2 
: && /usr/bin/clang -DCHECK_FUNCTION_EXISTS=cheev_  CMakeFiles/cmTC_2dca2.dir/CheckFunctionExists.c.o -o cmTC_2dca2  /usr/lib/x86_64-linux-gnu/liblapack.so  /usr/lib/x86_64-linux-gnu/libblas.so  -fortranlibs && :
clang: error: unknown argument: '-fortranlibs'
ninja: build stopped: subcommand failed.



Performing C++ SOURCE FILE Test HAS_FLTO_THIN failed with the following output:
Change Dir: /home/laurentiu/git6/Robosample/buildpy/CMakeFiles/CMakeTmp

Run Build Command(s):/home/laurentiu/miniconda3/envs/nn/bin/ninja cmTC_3766c && [1/2] Building CXX object CMakeFiles/cmTC_3766c.dir/src.cxx.o
[2/2] Linking CXX executable cmTC_3766c
FAILED: cmTC_3766c 
: && /usr/bin/clang++   CMakeFiles/cmTC_3766c.dir/src.cxx.o -o cmTC_3766c  -flto= && :
clang: error: unsupported argument '' to option 'flto='
ninja: build stopped: subcommand failed.


Source file was:
int main() { return 0; }
